../Core/Src/main.c:70:6:HAL_GPIO_EXTI_Callback	16	static
../Core/Src/main.c:135:8:get_current_direction	24	static
../Core/Src/main.c:99:5:main	16	static
../Core/Src/main.c:143:8:run_carousel	16	static
../Core/Src/main.c:174:6:SystemClock_Config	88	static
../Core/Src/main.c:219:6:PeriphCommonClock_Config	32	static
../Core/Src/main.c:240:13:MX_I2C1_Init	8	static
../Core/Src/main.c:274:13:MX_I2S2_Init	8	static
../Core/Src/main.c:308:13:MX_I2S3_Init	8	static
../Core/Src/main.c:342:13:MX_SPI1_Init	8	static
../Core/Src/main.c:380:13:MX_GPIO_Init	56	static
../Core/Src/main.c:463:6:Error_Handler	4	static,ignoring_inline_asm
