../Core/Src/main.c:75:6:HAL_GPIO_EXTI_Callback	16	static
../Core/Src/main.c:110:7:get_current_direction	24	static
../Core/Src/main.c:104:5:main	40	static
../Core/Src/main.c:118:7:run_pwm	24	static
../Core/Src/main.c:127:7:run_carousel	24	static
../Core/Src/main.c:197:6:SystemClock_Config	88	static
../Core/Src/main.c:242:6:PeriphCommonClock_Config	32	static
../Core/Src/main.c:263:13:MX_I2C1_Init	8	static
../Core/Src/main.c:297:13:MX_I2S2_Init	8	static
../Core/Src/main.c:331:13:MX_I2S3_Init	8	static
../Core/Src/main.c:365:13:MX_SPI1_Init	8	static
../Core/Src/main.c:403:13:MX_TIM4_Init	64	static
../Core/Src/main.c:474:13:MX_GPIO_Init	56	static
../Core/Src/main.c:554:6:Error_Handler	4	static,ignoring_inline_asm
